First Subscriber: Hello!
Second Subscriber: Hello!
This is function one