I am Name1 Surname1!
I am Name2 Surname2!
Name1 greeted Name2!